// Jest Snapshot v1, https://goo.gl/fbAQLP

exports[`test sitemap function that builds a list of URLs for search engines 1`] = `
[
  "/about/",
  "/access-our-data",
  "/access-our-data/api-authentication",
  "/access-our-data/data-structure",
  "/access-our-data/getting-started",
  "/access-our-data/overview",
  "/access-our-data/what-is-an-api",
  "/accessibility-statement/",
  "/browse",
  "/bulk-downloads/",
  "/compliance/",
  "/cookies/",
  "/covid-19-archive-data-download/",
  "/feedback/",
  "/health-topics/",
  "/landing-page",
  "/metrics-documentation/",
  "/respiratory-viruses/",
  "/respiratory-viruses/childhood-vaccinations/",
  "/respiratory-viruses/covid-19/",
  "/respiratory-viruses/influenza/",
  "/respiratory-viruses/lead/",
  "/respiratory-viruses/other-respiratory-viruses/",
  "/weather-health-alerts",
  "/weather-health-alerts/heat",
  "/whats-coming/",
  "/whats-new/",
  "/whats-new/other-respiratory-viruses-data-added-to-the-homepage",
  "/whats-new/soft-launch-of-the-ukhsa-data-dashboard",
  "/whats-new/updated-csv-download-and-tabular-data-functionality",
  "/whats-new/whats-new-child-mock-1",
  "/whats-new/whats-new-child-mock-10",
  "/whats-new/whats-new-child-mock-11",
  "/whats-new/whats-new-child-mock-12",
  "/whats-new/whats-new-child-mock-13",
  "/whats-new/whats-new-child-mock-14",
  "/whats-new/whats-new-child-mock-15",
  "/whats-new/whats-new-child-mock-16",
  "/whats-new/whats-new-child-mock-17",
  "/whats-new/whats-new-child-mock-18",
  "/whats-new/whats-new-child-mock-19",
  "/whats-new/whats-new-child-mock-2",
  "/whats-new/whats-new-child-mock-20",
  "/whats-new/whats-new-child-mock-21",
  "/whats-new/whats-new-child-mock-22",
  "/whats-new/whats-new-child-mock-23",
  "/whats-new/whats-new-child-mock-24",
  "/whats-new/whats-new-child-mock-25",
  "/whats-new/whats-new-child-mock-26",
  "/whats-new/whats-new-child-mock-27",
  "/whats-new/whats-new-child-mock-28",
  "/whats-new/whats-new-child-mock-29",
  "/whats-new/whats-new-child-mock-3",
  "/whats-new/whats-new-child-mock-30",
  "/whats-new/whats-new-child-mock-4",
  "/whats-new/whats-new-child-mock-5",
  "/whats-new/whats-new-child-mock-6",
  "/whats-new/whats-new-child-mock-7",
  "/whats-new/whats-new-child-mock-8",
  "/whats-new/whats-new-child-mock-9",
]
`;
