// Jest Snapshot v1, https://goo.gl/fbAQLP

exports[`Sitemap displays correctly 1`] = `
[
  {
    "changeFrequency": "weekly",
    "lastModified": 2020-01-01T00:00:00.000Z,
    "priority": 1,
    "url": "http://localhost:3000/dashboard",
  },
  {
    "changeFrequency": "monthly",
    "lastModified": 2020-01-01T00:00:00.000Z,
    "priority": 0.7,
    "url": "http://localhost:3000/about",
  },
  {
    "changeFrequency": "monthly",
    "lastModified": 2020-01-01T00:00:00.000Z,
    "priority": 0.5,
    "url": "http://localhost:3000/cookies",
  },
  {
    "changeFrequency": "monthly",
    "lastModified": 2020-01-01T00:00:00.000Z,
    "priority": 0.5,
    "url": "http://localhost:3000/accessibility-statement",
  },
  {
    "changeFrequency": "monthly",
    "lastModified": 2020-01-01T00:00:00.000Z,
    "priority": 0.5,
    "url": "http://localhost:3000/compliance",
  },
  {
    "changeFrequency": "never",
    "lastModified": 2020-01-01T00:00:00.000Z,
    "priority": 0.5,
    "url": "http://localhost:3000/archive-data",
  },
  {
    "changeFrequency": "monthly",
    "lastModified": 2020-01-01T00:00:00.000Z,
    "priority": 0.7,
    "url": "http://localhost:3000/bulk-downloads",
  },
  {
    "changeFrequency": "monthly",
    "lastModified": 2020-01-01T00:00:00.000Z,
    "priority": 0.5,
    "url": "http://localhost:3000/access-our-data",
  },
  {
    "changeFrequency": "monthly",
    "lastModified": 2020-01-01T00:00:00.000Z,
    "priority": 0.5,
    "url": "http://localhost:3000/access-our-data/overview",
  },
  {
    "changeFrequency": "monthly",
    "lastModified": 2020-01-01T00:00:00.000Z,
    "priority": 0.5,
    "url": "http://localhost:3000/access-our-data/what-is-an-api",
  },
  {
    "changeFrequency": "monthly",
    "lastModified": 2020-01-01T00:00:00.000Z,
    "priority": 0.5,
    "url": "http://localhost:3000/access-our-data/getting-started",
  },
  {
    "changeFrequency": "monthly",
    "lastModified": 2020-01-01T00:00:00.000Z,
    "priority": 0.5,
    "url": "http://localhost:3000/access-our-data/api-authentication",
  },
  {
    "changeFrequency": "monthly",
    "lastModified": 2020-01-01T00:00:00.000Z,
    "priority": 0.5,
    "url": "http://localhost:3000/access-our-data/data-structure",
  },
  {
    "changeFrequency": "yearly",
    "lastModified": 2020-01-01T00:00:00.000Z,
    "priority": 0.8,
    "url": "http://localhost:3000/weather-health-alerts",
  },
  {
    "changeFrequency": "monthly",
    "lastModified": 2020-01-01T00:00:00.000Z,
    "priority": 0.9,
    "url": "http://localhost:3000/weather-health-alerts/cold",
  },
  {
    "changeFrequency": "monthly",
    "lastModified": 2020-01-01T00:00:00.000Z,
    "priority": 0.9,
    "url": "http://localhost:3000/weather-health-alerts/heat",
  },
  {
    "changeFrequency": "weekly",
    "lastModified": 2020-01-01T00:00:00.000Z,
    "priority": 0.8,
    "url": "http://localhost:3000/dashboard/covid-19",
  },
  {
    "changeFrequency": "weekly",
    "lastModified": 2020-01-01T00:00:00.000Z,
    "priority": 0.8,
    "url": "http://localhost:3000/dashboard/influenza",
  },
  {
    "changeFrequency": "weekly",
    "lastModified": 2020-01-01T00:00:00.000Z,
    "priority": 0.8,
    "url": "http://localhost:3000/dashboard/other-respiratory-viruses",
  },
  {
    "changeFrequency": "weekly",
    "lastModified": 2020-01-01T00:00:00.000Z,
    "priority": 0.7,
    "url": "http://localhost:3000/whats-new",
  },
  {
    "changeFrequency": "never",
    "lastModified": 2020-01-01T00:00:00.000Z,
    "priority": 0.4,
    "url": "http://localhost:3000/whats-new/soft-launch-of-the-ukhsa-data-dashboard",
  },
  {
    "changeFrequency": "never",
    "lastModified": 2020-01-01T00:00:00.000Z,
    "priority": 0.4,
    "url": "http://localhost:3000/whats-new/updated-csv-download-and-tabular-data-functionality",
  },
  {
    "changeFrequency": "never",
    "lastModified": 2020-01-01T00:00:00.000Z,
    "priority": 0.4,
    "url": "http://localhost:3000/whats-new/other-respiratory-viruses-data-added-to-the-homepage",
  },
  {
    "changeFrequency": "never",
    "lastModified": 2020-01-01T00:00:00.000Z,
    "priority": 0.4,
    "url": "http://localhost:3000/whats-new/whats-new-child-mock-1",
  },
  {
    "changeFrequency": "never",
    "lastModified": 2020-01-01T00:00:00.000Z,
    "priority": 0.4,
    "url": "http://localhost:3000/whats-new/whats-new-child-mock-2",
  },
  {
    "changeFrequency": "never",
    "lastModified": 2020-01-01T00:00:00.000Z,
    "priority": 0.4,
    "url": "http://localhost:3000/whats-new/whats-new-child-mock-3",
  },
  {
    "changeFrequency": "never",
    "lastModified": 2020-01-01T00:00:00.000Z,
    "priority": 0.4,
    "url": "http://localhost:3000/whats-new/whats-new-child-mock-4",
  },
  {
    "changeFrequency": "never",
    "lastModified": 2020-01-01T00:00:00.000Z,
    "priority": 0.4,
    "url": "http://localhost:3000/whats-new/whats-new-child-mock-5",
  },
  {
    "changeFrequency": "never",
    "lastModified": 2020-01-01T00:00:00.000Z,
    "priority": 0.4,
    "url": "http://localhost:3000/whats-new/whats-new-child-mock-6",
  },
  {
    "changeFrequency": "never",
    "lastModified": 2020-01-01T00:00:00.000Z,
    "priority": 0.4,
    "url": "http://localhost:3000/whats-new/whats-new-child-mock-7",
  },
  {
    "changeFrequency": "never",
    "lastModified": 2020-01-01T00:00:00.000Z,
    "priority": 0.4,
    "url": "http://localhost:3000/whats-new/whats-new-child-mock-8",
  },
  {
    "changeFrequency": "never",
    "lastModified": 2020-01-01T00:00:00.000Z,
    "priority": 0.4,
    "url": "http://localhost:3000/whats-new/whats-new-child-mock-9",
  },
  {
    "changeFrequency": "never",
    "lastModified": 2020-01-01T00:00:00.000Z,
    "priority": 0.4,
    "url": "http://localhost:3000/whats-new/whats-new-child-mock-10",
  },
  {
    "changeFrequency": "never",
    "lastModified": 2020-01-01T00:00:00.000Z,
    "priority": 0.4,
    "url": "http://localhost:3000/whats-new/whats-new-child-mock-11",
  },
  {
    "changeFrequency": "never",
    "lastModified": 2020-01-01T00:00:00.000Z,
    "priority": 0.4,
    "url": "http://localhost:3000/whats-new/whats-new-child-mock-12",
  },
  {
    "changeFrequency": "never",
    "lastModified": 2020-01-01T00:00:00.000Z,
    "priority": 0.4,
    "url": "http://localhost:3000/whats-new/whats-new-child-mock-13",
  },
  {
    "changeFrequency": "never",
    "lastModified": 2020-01-01T00:00:00.000Z,
    "priority": 0.4,
    "url": "http://localhost:3000/whats-new/whats-new-child-mock-14",
  },
  {
    "changeFrequency": "never",
    "lastModified": 2020-01-01T00:00:00.000Z,
    "priority": 0.4,
    "url": "http://localhost:3000/whats-new/whats-new-child-mock-15",
  },
  {
    "changeFrequency": "never",
    "lastModified": 2020-01-01T00:00:00.000Z,
    "priority": 0.4,
    "url": "http://localhost:3000/whats-new/whats-new-child-mock-16",
  },
  {
    "changeFrequency": "never",
    "lastModified": 2020-01-01T00:00:00.000Z,
    "priority": 0.4,
    "url": "http://localhost:3000/whats-new/whats-new-child-mock-17",
  },
  {
    "changeFrequency": "never",
    "lastModified": 2020-01-01T00:00:00.000Z,
    "priority": 0.4,
    "url": "http://localhost:3000/whats-new/whats-new-child-mock-18",
  },
  {
    "changeFrequency": "never",
    "lastModified": 2020-01-01T00:00:00.000Z,
    "priority": 0.4,
    "url": "http://localhost:3000/whats-new/whats-new-child-mock-19",
  },
  {
    "changeFrequency": "never",
    "lastModified": 2020-01-01T00:00:00.000Z,
    "priority": 0.4,
    "url": "http://localhost:3000/whats-new/whats-new-child-mock-20",
  },
  {
    "changeFrequency": "never",
    "lastModified": 2020-01-01T00:00:00.000Z,
    "priority": 0.4,
    "url": "http://localhost:3000/whats-new/whats-new-child-mock-21",
  },
  {
    "changeFrequency": "never",
    "lastModified": 2020-01-01T00:00:00.000Z,
    "priority": 0.4,
    "url": "http://localhost:3000/whats-new/whats-new-child-mock-22",
  },
  {
    "changeFrequency": "never",
    "lastModified": 2020-01-01T00:00:00.000Z,
    "priority": 0.4,
    "url": "http://localhost:3000/whats-new/whats-new-child-mock-23",
  },
  {
    "changeFrequency": "never",
    "lastModified": 2020-01-01T00:00:00.000Z,
    "priority": 0.4,
    "url": "http://localhost:3000/whats-new/whats-new-child-mock-24",
  },
  {
    "changeFrequency": "never",
    "lastModified": 2020-01-01T00:00:00.000Z,
    "priority": 0.4,
    "url": "http://localhost:3000/whats-new/whats-new-child-mock-25",
  },
  {
    "changeFrequency": "never",
    "lastModified": 2020-01-01T00:00:00.000Z,
    "priority": 0.4,
    "url": "http://localhost:3000/whats-new/whats-new-child-mock-26",
  },
  {
    "changeFrequency": "never",
    "lastModified": 2020-01-01T00:00:00.000Z,
    "priority": 0.4,
    "url": "http://localhost:3000/whats-new/whats-new-child-mock-27",
  },
  {
    "changeFrequency": "never",
    "lastModified": 2020-01-01T00:00:00.000Z,
    "priority": 0.4,
    "url": "http://localhost:3000/whats-new/whats-new-child-mock-28",
  },
  {
    "changeFrequency": "never",
    "lastModified": 2020-01-01T00:00:00.000Z,
    "priority": 0.4,
    "url": "http://localhost:3000/whats-new/whats-new-child-mock-29",
  },
  {
    "changeFrequency": "never",
    "lastModified": 2020-01-01T00:00:00.000Z,
    "priority": 0.4,
    "url": "http://localhost:3000/whats-new/whats-new-child-mock-30",
  },
  {
    "changeFrequency": "monthly",
    "lastModified": 2020-01-01T00:00:00.000Z,
    "priority": 0.5,
    "url": "http://localhost:3000/metrics-documentation",
  },
  {
    "changeFrequency": "never",
    "lastModified": 2020-01-01T00:00:00.000Z,
    "priority": 0.4,
    "url": "http://localhost:3000/metrics-documentation/new-cases-7days-sum",
  },
  {
    "changeFrequency": "never",
    "lastModified": 2020-01-01T00:00:00.000Z,
    "priority": 0.4,
    "url": "http://localhost:3000/metrics-documentation/new-deaths-7days-change-percentage",
  },
  {
    "changeFrequency": "never",
    "lastModified": 2020-01-01T00:00:00.000Z,
    "priority": 0.4,
    "url": "http://localhost:3000/metrics-documentation/covid-occupied-beds-latest",
  },
  {
    "changeFrequency": "never",
    "lastModified": 2020-01-01T00:00:00.000Z,
    "priority": 0.4,
    "url": "http://localhost:3000/metrics-documentation/new-pcr-tests-daily",
  },
  {
    "changeFrequency": "never",
    "lastModified": 2020-01-01T00:00:00.000Z,
    "priority": 0.4,
    "url": "http://localhost:3000/metrics-documentation/new-cases-7days-percent",
  },
  {
    "changeFrequency": "never",
    "lastModified": 2020-01-01T00:00:00.000Z,
    "priority": 0.4,
    "url": "http://localhost:3000/metrics-documentation/metrics-child-mock-1",
  },
  {
    "changeFrequency": "never",
    "lastModified": 2020-01-01T00:00:00.000Z,
    "priority": 0.4,
    "url": "http://localhost:3000/metrics-documentation/metrics-child-mock-2",
  },
  {
    "changeFrequency": "never",
    "lastModified": 2020-01-01T00:00:00.000Z,
    "priority": 0.4,
    "url": "http://localhost:3000/metrics-documentation/metrics-child-mock-3",
  },
  {
    "changeFrequency": "never",
    "lastModified": 2020-01-01T00:00:00.000Z,
    "priority": 0.4,
    "url": "http://localhost:3000/metrics-documentation/metrics-child-mock-4",
  },
  {
    "changeFrequency": "never",
    "lastModified": 2020-01-01T00:00:00.000Z,
    "priority": 0.4,
    "url": "http://localhost:3000/metrics-documentation/metrics-child-mock-5",
  },
  {
    "changeFrequency": "never",
    "lastModified": 2020-01-01T00:00:00.000Z,
    "priority": 0.4,
    "url": "http://localhost:3000/metrics-documentation/metrics-child-mock-6",
  },
  {
    "changeFrequency": "never",
    "lastModified": 2020-01-01T00:00:00.000Z,
    "priority": 0.4,
    "url": "http://localhost:3000/metrics-documentation/metrics-child-mock-7",
  },
  {
    "changeFrequency": "never",
    "lastModified": 2020-01-01T00:00:00.000Z,
    "priority": 0.4,
    "url": "http://localhost:3000/metrics-documentation/metrics-child-mock-8",
  },
  {
    "changeFrequency": "never",
    "lastModified": 2020-01-01T00:00:00.000Z,
    "priority": 0.4,
    "url": "http://localhost:3000/metrics-documentation/metrics-child-mock-9",
  },
  {
    "changeFrequency": "never",
    "lastModified": 2020-01-01T00:00:00.000Z,
    "priority": 0.4,
    "url": "http://localhost:3000/metrics-documentation/metrics-child-mock-10",
  },
  {
    "changeFrequency": "never",
    "lastModified": 2020-01-01T00:00:00.000Z,
    "priority": 0.4,
    "url": "http://localhost:3000/metrics-documentation/metrics-child-mock-11",
  },
  {
    "changeFrequency": "never",
    "lastModified": 2020-01-01T00:00:00.000Z,
    "priority": 0.4,
    "url": "http://localhost:3000/metrics-documentation/metrics-child-mock-12",
  },
  {
    "changeFrequency": "never",
    "lastModified": 2020-01-01T00:00:00.000Z,
    "priority": 0.4,
    "url": "http://localhost:3000/metrics-documentation/metrics-child-mock-13",
  },
  {
    "changeFrequency": "never",
    "lastModified": 2020-01-01T00:00:00.000Z,
    "priority": 0.4,
    "url": "http://localhost:3000/metrics-documentation/metrics-child-mock-14",
  },
  {
    "changeFrequency": "never",
    "lastModified": 2020-01-01T00:00:00.000Z,
    "priority": 0.4,
    "url": "http://localhost:3000/metrics-documentation/metrics-child-mock-15",
  },
  {
    "changeFrequency": "never",
    "lastModified": 2020-01-01T00:00:00.000Z,
    "priority": 0.4,
    "url": "http://localhost:3000/metrics-documentation/metrics-child-mock-16",
  },
  {
    "changeFrequency": "never",
    "lastModified": 2020-01-01T00:00:00.000Z,
    "priority": 0.4,
    "url": "http://localhost:3000/metrics-documentation/metrics-child-mock-17",
  },
  {
    "changeFrequency": "never",
    "lastModified": 2020-01-01T00:00:00.000Z,
    "priority": 0.4,
    "url": "http://localhost:3000/metrics-documentation/metrics-child-mock-18",
  },
  {
    "changeFrequency": "never",
    "lastModified": 2020-01-01T00:00:00.000Z,
    "priority": 0.4,
    "url": "http://localhost:3000/metrics-documentation/metrics-child-mock-19",
  },
  {
    "changeFrequency": "never",
    "lastModified": 2020-01-01T00:00:00.000Z,
    "priority": 0.4,
    "url": "http://localhost:3000/metrics-documentation/metrics-child-mock-20",
  },
  {
    "changeFrequency": "never",
    "lastModified": 2020-01-01T00:00:00.000Z,
    "priority": 0.4,
    "url": "http://localhost:3000/metrics-documentation/metrics-child-mock-21",
  },
  {
    "changeFrequency": "never",
    "lastModified": 2020-01-01T00:00:00.000Z,
    "priority": 0.4,
    "url": "http://localhost:3000/metrics-documentation/metrics-child-mock-22",
  },
  {
    "changeFrequency": "never",
    "lastModified": 2020-01-01T00:00:00.000Z,
    "priority": 0.4,
    "url": "http://localhost:3000/metrics-documentation/metrics-child-mock-23",
  },
  {
    "changeFrequency": "never",
    "lastModified": 2020-01-01T00:00:00.000Z,
    "priority": 0.4,
    "url": "http://localhost:3000/metrics-documentation/metrics-child-mock-24",
  },
  {
    "changeFrequency": "never",
    "lastModified": 2020-01-01T00:00:00.000Z,
    "priority": 0.4,
    "url": "http://localhost:3000/metrics-documentation/metrics-child-mock-25",
  },
  {
    "changeFrequency": "never",
    "lastModified": 2020-01-01T00:00:00.000Z,
    "priority": 0.4,
    "url": "http://localhost:3000/metrics-documentation/metrics-child-mock-26",
  },
  {
    "changeFrequency": "never",
    "lastModified": 2020-01-01T00:00:00.000Z,
    "priority": 0.4,
    "url": "http://localhost:3000/metrics-documentation/metrics-child-mock-27",
  },
  {
    "changeFrequency": "never",
    "lastModified": 2020-01-01T00:00:00.000Z,
    "priority": 0.4,
    "url": "http://localhost:3000/metrics-documentation/metrics-child-mock-28",
  },
  {
    "changeFrequency": "never",
    "lastModified": 2020-01-01T00:00:00.000Z,
    "priority": 0.4,
    "url": "http://localhost:3000/metrics-documentation/metrics-child-mock-29",
  },
  {
    "changeFrequency": "never",
    "lastModified": 2020-01-01T00:00:00.000Z,
    "priority": 0.4,
    "url": "http://localhost:3000/metrics-documentation/metrics-child-mock-30",
  },
  {
    "changeFrequency": "never",
    "lastModified": 2020-01-01T00:00:00.000Z,
    "priority": 0.4,
    "url": "http://localhost:3000/metrics-documentation/metrics-child-mock-31",
  },
  {
    "changeFrequency": "never",
    "lastModified": 2020-01-01T00:00:00.000Z,
    "priority": 0.4,
    "url": "http://localhost:3000/metrics-documentation/metrics-child-mock-32",
  },
  {
    "changeFrequency": "never",
    "lastModified": 2020-01-01T00:00:00.000Z,
    "priority": 0.4,
    "url": "http://localhost:3000/metrics-documentation/metrics-child-mock-33",
  },
  {
    "changeFrequency": "never",
    "lastModified": 2020-01-01T00:00:00.000Z,
    "priority": 0.4,
    "url": "http://localhost:3000/metrics-documentation/metrics-child-mock-34",
  },
  {
    "changeFrequency": "never",
    "lastModified": 2020-01-01T00:00:00.000Z,
    "priority": 0.4,
    "url": "http://localhost:3000/metrics-documentation/metrics-child-mock-35",
  },
  {
    "changeFrequency": "never",
    "lastModified": 2020-01-01T00:00:00.000Z,
    "priority": 0.4,
    "url": "http://localhost:3000/metrics-documentation/metrics-child-mock-36",
  },
  {
    "changeFrequency": "never",
    "lastModified": 2020-01-01T00:00:00.000Z,
    "priority": 0.4,
    "url": "http://localhost:3000/metrics-documentation/metrics-child-mock-37",
  },
  {
    "changeFrequency": "never",
    "lastModified": 2020-01-01T00:00:00.000Z,
    "priority": 0.4,
    "url": "http://localhost:3000/metrics-documentation/metrics-child-mock-38",
  },
  {
    "changeFrequency": "never",
    "lastModified": 2020-01-01T00:00:00.000Z,
    "priority": 0.4,
    "url": "http://localhost:3000/metrics-documentation/metrics-child-mock-39",
  },
  {
    "changeFrequency": "never",
    "lastModified": 2020-01-01T00:00:00.000Z,
    "priority": 0.4,
    "url": "http://localhost:3000/metrics-documentation/metrics-child-mock-40",
  },
  {
    "changeFrequency": "never",
    "lastModified": 2020-01-01T00:00:00.000Z,
    "priority": 0.4,
    "url": "http://localhost:3000/metrics-documentation/metrics-child-mock-41",
  },
  {
    "changeFrequency": "never",
    "lastModified": 2020-01-01T00:00:00.000Z,
    "priority": 0.4,
    "url": "http://localhost:3000/metrics-documentation/metrics-child-mock-42",
  },
  {
    "changeFrequency": "never",
    "lastModified": 2020-01-01T00:00:00.000Z,
    "priority": 0.4,
    "url": "http://localhost:3000/metrics-documentation/metrics-child-mock-43",
  },
  {
    "changeFrequency": "never",
    "lastModified": 2020-01-01T00:00:00.000Z,
    "priority": 0.4,
    "url": "http://localhost:3000/metrics-documentation/metrics-child-mock-44",
  },
  {
    "changeFrequency": "never",
    "lastModified": 2020-01-01T00:00:00.000Z,
    "priority": 0.4,
    "url": "http://localhost:3000/metrics-documentation/metrics-child-mock-45",
  },
  {
    "changeFrequency": "never",
    "lastModified": 2020-01-01T00:00:00.000Z,
    "priority": 0.4,
    "url": "http://localhost:3000/metrics-documentation/metrics-child-mock-46",
  },
  {
    "changeFrequency": "never",
    "lastModified": 2020-01-01T00:00:00.000Z,
    "priority": 0.4,
    "url": "http://localhost:3000/metrics-documentation/metrics-child-mock-47",
  },
  {
    "changeFrequency": "never",
    "lastModified": 2020-01-01T00:00:00.000Z,
    "priority": 0.4,
    "url": "http://localhost:3000/metrics-documentation/metrics-child-mock-48",
  },
  {
    "changeFrequency": "never",
    "lastModified": 2020-01-01T00:00:00.000Z,
    "priority": 0.4,
    "url": "http://localhost:3000/metrics-documentation/metrics-child-mock-49",
  },
  {
    "changeFrequency": "never",
    "lastModified": 2020-01-01T00:00:00.000Z,
    "priority": 0.4,
    "url": "http://localhost:3000/metrics-documentation/metrics-child-mock-50",
  },
  {
    "changeFrequency": "monthly",
    "lastModified": 2020-01-01T00:00:00.000Z,
    "priority": 0.7,
    "url": "https://ukhsa-dashboard.data.gov.uk/feedback",
  },
  {
    "changeFrequency": "monthly",
    "lastModified": 2020-01-01T00:00:00.000Z,
    "priority": 0.2,
    "url": "https://ukhsa-dashboard.data.gov.uk/browse",
  },
]
`;
